C:/Users/wp901/Desktop/project/stm32/MENU/cmake/stm32cubemx/../../Drivers/CMSIS/Include/core_cm4.h:1938:34:__NVIC_SystemReset	4	static,ignoring_inline_asm
C:/Users/wp901/Desktop/project/stm32/MENU/App/menu/menu_def.c:35:6:menu_set_parents	24	static
C:/Users/wp901/Desktop/project/stm32/MENU/App/menu/menu_def.c:45:6:MenuInit	8	static
C:/Users/wp901/Desktop/project/stm32/MENU/App/menu/menu_def.c:53:13:GetMenuContext	24	static
C:/Users/wp901/Desktop/project/stm32/MENU/App/menu/menu_def.c:60:6:action_clock	4	static
C:/Users/wp901/Desktop/project/stm32/MENU/App/menu/menu_def.c:70:6:change_colck	24	static
C:/Users/wp901/Desktop/project/stm32/MENU/App/menu/menu_def.c:121:6:action_menu	4	static
C:/Users/wp901/Desktop/project/stm32/MENU/App/menu/menu_def.c:134:6:action_temperature	8	static
C:/Users/wp901/Desktop/project/stm32/MENU/App/menu/menu_def.c:146:6:action_servo	16	static
C:/Users/wp901/Desktop/project/stm32/MENU/App/menu/menu_def.c:160:6:change_servo	32	static
C:/Users/wp901/Desktop/project/stm32/MENU/App/menu/menu_def.c:196:6:action_mpu6050_duplexer	8	static
C:/Users/wp901/Desktop/project/stm32/MENU/App/menu/menu_def.c:207:6:action_mpu6050_kalman	8	static
C:/Users/wp901/Desktop/project/stm32/MENU/App/menu/menu_def.c:218:6:action_gif	4	static
C:/Users/wp901/Desktop/project/stm32/MENU/App/menu/menu_def.c:228:6:action_update	16	static
