C:/Users/wp901/Desktop/project/stm32/MENU/Drivers/BSP/mpu6050.c:29:6:MPU6050_Init	40	static
C:/Users/wp901/Desktop/project/stm32/MENU/Drivers/BSP/mpu6050.c:49:6:MPU6050_Read_All	64	static
C:/Users/wp901/Desktop/project/stm32/MENU/Drivers/BSP/mpu6050.c:81:6:MPU6050_Calibrate_Gyro	24	static
C:/Users/wp901/Desktop/project/stm32/MENU/Drivers/BSP/mpu6050.c:110:7:MPU6050_Get_Accel_X	4	static
C:/Users/wp901/Desktop/project/stm32/MENU/Drivers/BSP/mpu6050.c:115:7:MPU6050_Get_Accel_Y	4	static
C:/Users/wp901/Desktop/project/stm32/MENU/Drivers/BSP/mpu6050.c:120:7:MPU6050_Get_Accel_Z	4	static
C:/Users/wp901/Desktop/project/stm32/MENU/Drivers/BSP/mpu6050.c:128:7:MPU6050_Get_Gyro_X	4	static
C:/Users/wp901/Desktop/project/stm32/MENU/Drivers/BSP/mpu6050.c:133:7:MPU6050_Get_Gyro_Y	4	static
C:/Users/wp901/Desktop/project/stm32/MENU/Drivers/BSP/mpu6050.c:138:7:MPU6050_Get_Gyro_Z	4	static
C:/Users/wp901/Desktop/project/stm32/MENU/Drivers/BSP/mpu6050.c:154:7:MPU6050_Get_Roll_By_Accel	8	static
C:/Users/wp901/Desktop/project/stm32/MENU/Drivers/BSP/mpu6050.c:162:7:MPU6050_Get_Pitch_By_Accel	16	static
C:/Users/wp901/Desktop/project/stm32/MENU/Drivers/BSP/mpu6050.c:170:7:MPU6050_Get_Yaw_By_Accel	4	static
C:/Users/wp901/Desktop/project/stm32/MENU/Drivers/BSP/mpu6050.c:183:7:MPU6050_Get_Roll_By_Gyro	4	static
C:/Users/wp901/Desktop/project/stm32/MENU/Drivers/BSP/mpu6050.c:191:7:MPU6050_Get_Pitch_By_Gyro	4	static
C:/Users/wp901/Desktop/project/stm32/MENU/Drivers/BSP/mpu6050.c:199:7:MPU6050_Get_Yaw_By_Gyro	4	static
C:/Users/wp901/Desktop/project/stm32/MENU/Drivers/BSP/mpu6050.c:207:6:MPU6050_Update_Euler_Angles	8	static
C:/Users/wp901/Desktop/project/stm32/MENU/Drivers/BSP/mpu6050.c:223:6:MPU6050_Complementary_Filter	4	static
C:/Users/wp901/Desktop/project/stm32/MENU/Drivers/BSP/mpu6050.c:238:7:MPU6050_Get_Roll_Bal	4	static
C:/Users/wp901/Desktop/project/stm32/MENU/Drivers/BSP/mpu6050.c:246:7:MPU6050_Get_Pitch_Bal	4	static
C:/Users/wp901/Desktop/project/stm32/MENU/Drivers/BSP/mpu6050.c:254:7:MPU6050_Get_Yaw_Bal	4	static
C:/Users/wp901/Desktop/project/stm32/MENU/Drivers/BSP/mpu6050.c:262:6:MPU6050_Kalman_Filter	144	static
C:/Users/wp901/Desktop/project/stm32/MENU/Drivers/BSP/mpu6050.c:361:7:MPU6050_Get_Roll_Kalman	4	static
C:/Users/wp901/Desktop/project/stm32/MENU/Drivers/BSP/mpu6050.c:369:7:MPU6050_Get_Pitch_Kalman	4	static
C:/Users/wp901/Desktop/project/stm32/MENU/Drivers/BSP/mpu6050.c:377:7:MPU6050_Get_Yaw_Kalman	4	static
